// Jest Snapshot v1, https://goo.gl/fbAQLP

exports[`WFH Modal Detail 1`] = `
<body>
  <div
    aria-hidden="true"
    data-aria-hidden="true"
  />
  <div
    class="chakra-portal"
  >
    <div
      aria-hidden="true"
      class="chakra-modal__overlay css-13d1tkw"
      data-aria-hidden="true"
      style="opacity: 0;"
    />
    <div
      aria-hidden="true"
      data-aria-hidden="true"
      data-focus-guard="true"
      style="width: 1px; height: 0px; padding: 0px; overflow: hidden; position: fixed; top: 1px; left: 1px;"
      tabindex="0"
    />
    <div
      data-focus-lock-disabled="false"
    >
      <div
        class="chakra-modal__content-container css-1oxhx2p"
        tabindex="-1"
      >
        <section
          aria-describedby="chakra-modal--body-:r0:"
          aria-labelledby="chakra-modal--header-:r0:"
          aria-modal="true"
          class="chakra-modal__content css-10m7e88"
          id="chakra-modal-:r0:"
          role="dialog"
          style="opacity: 0; transform: scale(0.95) translateZ(0);"
          tabindex="-1"
        >
          <header
            class="chakra-modal__header css-10d70kv"
            id="chakra-modal--header-:r0:"
          >
            <div
              class="chakra-stack css-1igwmid"
            >
              <img
                class="chakra-image css-kow2w3"
                src=""
              />
              <h2
                class="chakra-heading css-sigo6f"
              >
                <p
                  class="chakra-text css-1yfekn0"
                >
                  Report Details
                </p>
                <p
                  class="chakra-text css-issjhg"
                >
                  bob@example.com
                </p>
              </h2>
            </div>
          </header>
          <div
            class="chakra-modal__body css-0"
            id="chakra-modal--body-:r0:"
          >
            <hr
              aria-orientation="horizontal"
              class="chakra-divider css-vrx5g4"
            />
            <div>
              <div>
                <p
                  class="chakra-text css-yb4mb5"
                >
                  Post Details
                </p>
                <div
                  style="max-height: 450px; overflow-y: auto;"
                >
                  <div>
                    <div>
                      <div
                        class="css-1svpmll"
                      >
                        <p
                          class="chakra-text css-dynqen"
                        >
                          Title
                        </p>
                        <p
                          class="chakra-text css-dynqen"
                        >
                          Cùng khám phá Kỹ năng giao tiếp cơ bản
                        </p>
                        <p
                          class="chakra-text css-dynqen"
                        >
                          Date
                        </p>
                        <p
                          class="chakra-text css-dynqen"
                        >
                          24-08-2023 17:30
                        </p>
                        <div
                          class="undefined"
                        >
                          <div>
                            →
                          </div>
                        </div>
                      </div>
                    </div>
                    <div>
                      <div
                        class="css-1svpmll"
                      >
                        <p
                          class="chakra-text css-dynqen"
                        >
                          Title
                        </p>
                        <p
                          class="chakra-text css-dynqen"
                        >
                          10 lời khuyên cho hồ sơ LinkedIn chuyên nghiệp
                        </p>
                        <p
                          class="chakra-text css-dynqen"
                        >
                          Date
                        </p>
                        <p
                          class="chakra-text css-dynqen"
                        >
                          24-08-2023 17:30
                        </p>
                        <div
                          class="undefined"
                        >
                          <div>
                            →
                          </div>
                        </div>
                      </div>
                    </div>
                    <button>
                      Show more...
                    </button>
                  </div>
                </div>
              </div>
              <div>
                <p
                  class="chakra-text css-yb4mb5"
                >
                  Request Details
                </p>
                <div>
                  <p
                    class="chakra-text undefined css-71gjlu"
                  >
                    03/08/2023
                  </p>
                  <p
                    class="chakra-text undefined css-71gjlu"
                  >
                    10/08/2023
                  </p>
                  <p
                    class="chakra-text undefined css-71gjlu"
                  >
                    14/08/2023
                  </p>
                  <p
                    class="chakra-text undefined css-71gjlu"
                  >
                    20/08/2023
                  </p>
                  <p
                    class="chakra-text css-71gjlu"
                  >
                    21/09/2023
                  </p>
                  <p
                    class="chakra-text css-71gjlu"
                  >
                    11/10/2023
                  </p>
                  <p
                    class="chakra-text css-71gjlu"
                  >
                    12/10/2023
                  </p>
                </div>
              </div>
            </div>
          </div>
          <button
            aria-label="Close"
            class="chakra-modal__close-btn css-6sdaxy"
            type="button"
          >
            <svg
              aria-hidden="true"
              class="chakra-icon css-onkibi"
              focusable="false"
              viewBox="0 0 24 24"
            >
              <path
                d="M.439,21.44a1.5,1.5,0,0,0,2.122,2.121L11.823,14.3a.25.25,0,0,1,.354,0l9.262,9.263a1.5,1.5,0,1,0,2.122-2.121L14.3,12.177a.25.25,0,0,1,0-.354l9.263-9.262A1.5,1.5,0,0,0,21.439.44L12.177,9.7a.25.25,0,0,1-.354,0L2.561.44A1.5,1.5,0,0,0,.439,2.561L9.7,11.823a.25.25,0,0,1,0,.354Z"
                fill="currentColor"
              />
            </svg>
          </button>
        </section>
      </div>
    </div>
    <div
      aria-hidden="true"
      data-aria-hidden="true"
      data-focus-guard="true"
      style="width: 1px; height: 0px; padding: 0px; overflow: hidden; position: fixed; top: 1px; left: 1px;"
      tabindex="0"
    />
  </div>
</body>
`;
