// Jest Snapshot v1, https://goo.gl/fbAQLP

exports[`Request My Requests Page 1`] = `
<body>
  <div
    aria-hidden="true"
    data-aria-hidden="true"
  />
  <div
    class="chakra-portal"
  >
    <div
      class="chakra-modal__overlay css-13d1tkw"
      style="opacity: 0;"
    >
      <div
        aria-hidden="true"
        data-aria-hidden="true"
        data-focus-guard="true"
        style="width: 1px; height: 0px; padding: 0px; overflow: hidden; position: fixed; top: 1px; left: 1px;"
        tabindex="0"
      />
      <div
        data-focus-lock-disabled="false"
      >
        <div
          class="chakra-modal__content-container css-1oxhx2p"
          tabindex="-1"
        >
          <section
            aria-describedby="chakra-modal--body-:r0:"
            aria-labelledby="chakra-modal--header-:r0:"
            aria-modal="true"
            class="chakra-modal__content css-6yiygt"
            id="chakra-modal-:r0:"
            role="alertdialog"
            style="opacity: 0; transform: scale(0.95) translateZ(0);"
            tabindex="-1"
          >
            <header
              class="chakra-modal__header css-1rwr1rh"
              id="chakra-modal--header-:r0:"
            >
              Update status
            </header>
            <div
              class="chakra-modal__body css-0"
              id="chakra-modal--body-:r0:"
            >
              <p
                class="chakra-text css-1hqtvl7"
              >
                Do you want to update status ?
              </p>
              <div
                class="css-0"
                style="padding: 4px 0px;"
              />
              <div
                class="css-odz94x"
              >
                <p
                  class="chakra-text css-wc5dkf"
                >
                  Reason
                  <span
                    style="color: red;"
                  >
                     *
                  </span>
                </p>
              </div>
            </div>
            <footer
              class="chakra-modal__footer css-192qrng"
            >
              <button
                class="chakra-button css-4xx2wk"
                type="button"
              >
                Cancel
              </button>
              <button
                class="chakra-button css-1i56vmk"
                type="button"
              >
                Confirm
              </button>
            </footer>
          </section>
        </div>
      </div>
      <div
        aria-hidden="true"
        data-aria-hidden="true"
        data-focus-guard="true"
        style="width: 1px; height: 0px; padding: 0px; overflow: hidden; position: fixed; top: 1px; left: 1px;"
        tabindex="0"
      />
    </div>
  </div>
</body>
`;
