// Jest Snapshot v1, https://goo.gl/fbAQLP

exports[`Request My Requests Page 1`] = `
<div>
  <div
    class="css-79elbk"
  >
    <button
      aria-label="Done"
      class="chakra-button css-1g6czxt"
      type="button"
    >
      <svg
        aria-hidden="true"
        fill="currentColor"
        focusable="false"
        height="1em"
        stroke="currentColor"
        stroke-width="0"
        viewBox="0 0 1024 1024"
        width="1em"
        xmlns="http://www.w3.org/2000/svg"
      >
        <path
          d="M909.1 209.3l-56.4 44.1C775.8 155.1 656.2 92 521.9 92 290 92 102.3 279.5 102 511.5 101.7 743.7 289.8 932 521.9 932c181.3 0 335.8-115 394.6-276.1 1.5-4.2-.7-8.9-4.9-10.3l-56.7-19.5a8 8 0 0 0-10.1 4.8c-1.8 5-3.8 10-5.9 14.9-17.3 41-42.1 77.8-73.7 109.4A344.77 344.77 0 0 1 655.9 829c-42.3 17.9-87.4 27-133.8 27-46.5 0-91.5-9.1-133.8-27A341.5 341.5 0 0 1 279 755.2a342.16 342.16 0 0 1-73.7-109.4c-17.9-42.4-27-87.4-27-133.9s9.1-91.5 27-133.9c17.3-41 42.1-77.8 73.7-109.4 31.6-31.6 68.4-56.4 109.3-73.8 42.3-17.9 87.4-27 133.8-27 46.5 0 91.5 9.1 133.8 27a341.5 341.5 0 0 1 109.3 73.8c9.9 9.9 19.2 20.4 27.8 31.4l-60.2 47a8 8 0 0 0 3 14.1l175.6 43c5 1.2 9.9-2.6 9.9-7.7l.8-180.9c-.1-6.6-7.8-10.3-13-6.2z"
        />
      </svg>
    </button>
    <div
      class="css-1t3mkjm"
    >
      <div
        class="tableContent css-kge0eu"
      >
        <table
          class="chakra-table css-zy166a"
        >
          <thead
            class="css-0"
          >
            <tr
              class="css-1y39i0r"
            >
              <th
                class="css-avwfu8"
                colspan="1"
                style="width: auto;"
              >
                <div
                  class="css-alaj7i"
                >
                  <div
                    class="css-n085mf"
                  >
                    ID
                  </div>
                </div>
              </th>
              <th
                class="css-avwfu8"
                colspan="1"
                style="width: auto;"
              >
                <div
                  class="css-alaj7i"
                >
                  <div
                    class="css-xi606m"
                  >
                    Title
                  </div>
                </div>
              </th>
              <th
                class="css-avwfu8"
                colspan="1"
                style="width: auto;"
              >
                <div
                  class="css-alaj7i"
                >
                  Request user
                </div>
              </th>
              <th
                class="css-avwfu8"
                colspan="1"
                style="width: auto;"
              >
                <div
                  class="css-alaj7i"
                >
                  Current State
                </div>
              </th>
              <th
                class="css-avwfu8"
                colspan="1"
                style="width: auto;"
              >
                <div
                  class="css-alaj7i"
                >
                  Assigned To
                </div>
              </th>
              <th
                class="css-avwfu8"
                colspan="1"
                style="width: auto;"
              >
                <div
                  class="css-alaj7i"
                >
                  State
                </div>
              </th>
              <th
                class="css-avwfu8"
                colspan="1"
                style="width: auto;"
              >
                <div
                  class="css-alaj7i"
                >
                  Created At
                </div>
              </th>
              <th
                class="css-avwfu8"
                colspan="1"
                style="width: auto;"
              >
                <div
                  class="css-alaj7i"
                >
                  <div
                    class="css-mgpx6q"
                  >
                    Actions
                  </div>
                </div>
              </th>
            </tr>
          </thead>
          <tbody
            class="css-0"
          >
            <tr
              class="css-1bgkdca"
            >
              <td
                class="css-xk16pm"
              >
                <div
                  class="css-gmuwbf"
                >
                  7D274
                </div>
              </td>
              <td
                class="css-xk16pm"
              >
                <div
                  class="css-0"
                  style="display: flex; align-items: start; flex-direction: column; gap: 5px; min-width: 400px;"
                >
                  <div
                    class="css-0"
                    style="flex: 1; display: flex; width: 100%;"
                  >
                    <p
                      class="chakra-text css-e3cc90"
                      data-tooltip-id=""
                      style="overflow: hidden; text-overflow: ellipsis; font-weight: 600; display: inline-block; flex: 1; width: 0px; white-space: nowrap; margin: 0px;"
                    />
                  </div>
                  <div
                    class="titleBoard css-0"
                    style="background-color: rgb(170, 187, 204);"
                  >
                    <div
                      style="overflow: hidden; text-overflow: ellipsis; display: -webkit-box;"
                    >
                      Probationary Request
                    </div>
                  </div>
                </div>
              </td>
              <td
                class="css-xk16pm"
              >
                <div
                  class="css-0"
                >
                  Bubu chacha
                </div>
              </td>
              <td
                class="css-xk16pm"
              >
                PM Reviews
              </td>
              <td
                class="css-xk16pm"
              >
                trang.danghuyen, long.vodinhhoang
              </td>
              <td
                class="css-xk16pm"
              >
                <div
                  class="css-k008qs"
                >
                  <div
                    class="badge statusApproved"
                  >
                    Approved
                  </div>
                </div>
              </td>
              <td
                class="css-xk16pm"
              >
                10-10-2023 16:39
              </td>
              <td
                class="css-xk16pm"
              >
                <div
                  class="css-h607p5"
                >
                  <div
                    class="tableActionLoading"
                  />
                  <button
                    aria-controls="menu-list-:rg:"
                    aria-expanded="false"
                    aria-haspopup="menu"
                    aria-label=""
                    class="chakra-button chakra-menu__menu-button css-p7mkev"
                    id="menu-button-:rg:"
                    type="button"
                  >
                    <svg
                      aria-hidden="true"
                      class="chakra-icon css-bzk4kq"
                      fill="currentColor"
                      focusable="false"
                      height="1em"
                      stroke="currentColor"
                      stroke-width="0"
                      viewBox="0 0 24 24"
                      width="1em"
                      xmlns="http://www.w3.org/2000/svg"
                    >
                      <path
                        d="M5.33409 4.54491C6.3494 3.63637 7.55145 2.9322 8.87555 2.49707C9.60856 3.4128 10.7358 3.99928 12 3.99928C13.2642 3.99928 14.3914 3.4128 15.1245 2.49707C16.4486 2.9322 17.6506 3.63637 18.6659 4.54491C18.2405 5.637 18.2966 6.90531 18.9282 7.99928C19.5602 9.09388 20.6314 9.77679 21.7906 9.95392C21.9279 10.6142 22 11.2983 22 11.9993C22 12.7002 21.9279 13.3844 21.7906 14.0446C20.6314 14.2218 19.5602 14.9047 18.9282 15.9993C18.2966 17.0932 18.2405 18.3616 18.6659 19.4536C17.6506 20.3622 16.4486 21.0664 15.1245 21.5015C14.3914 20.5858 13.2642 19.9993 12 19.9993C10.7358 19.9993 9.60856 20.5858 8.87555 21.5015C7.55145 21.0664 6.3494 20.3622 5.33409 19.4536C5.75952 18.3616 5.7034 17.0932 5.0718 15.9993C4.43983 14.9047 3.36862 14.2218 2.20935 14.0446C2.07212 13.3844 2 12.7002 2 11.9993C2 11.2983 2.07212 10.6142 2.20935 9.95392C3.36862 9.77679 4.43983 9.09388 5.0718 7.99928C5.7034 6.90531 5.75952 5.637 5.33409 4.54491ZM13.5 14.5974C14.9349 13.7689 15.4265 11.9342 14.5981 10.4993C13.7696 9.0644 11.9349 8.57277 10.5 9.4012C9.06512 10.2296 8.5735 12.0644 9.40192 13.4993C10.2304 14.9342 12.0651 15.4258 13.5 14.5974Z"
                      />
                    </svg>
                  </button>
                  <div
                    class="css-0"
                    style="visibility: hidden; position: absolute; min-width: max-content; inset: 0 auto auto 0;"
                  >
                    <div
                      aria-orientation="vertical"
                      class="chakra-menu__menu-list css-2vme5"
                      id="menu-list-:rg:"
                      role="menu"
                      style="transform-origin: var(--popper-transform-origin); opacity: 0; visibility: hidden; transform: scale(0.8) translateZ(0);"
                      tabindex="-1"
                    >
                      <button
                        class="chakra-menu__menuitem css-z08cet"
                        data-index="0"
                        id="menu-list-:rg:-menuitem-:rh:"
                        role="menuitem"
                        tabindex="-1"
                        type="button"
                      >
                        <svg
                          class="chakra-icon css-1vzdt75"
                          fill="currentColor"
                          focusable="false"
                          height="1em"
                          stroke="currentColor"
                          stroke-width="0"
                          viewBox="0 0 24 24"
                          width="1em"
                          xmlns="http://www.w3.org/2000/svg"
                        >
                          <path
                            d="M1.18164 12C2.12215 6.87976 6.60812 3 12.0003 3C17.3924 3 21.8784 6.87976 22.8189 12C21.8784 17.1202 17.3924 21 12.0003 21C6.60812 21 2.12215 17.1202 1.18164 12ZM12.0003 17C14.7617 17 17.0003 14.7614 17.0003 12C17.0003 9.23858 14.7617 7 12.0003 7C9.23884 7 7.00026 9.23858 7.00026 12C7.00026 14.7614 9.23884 17 12.0003 17ZM12.0003 15C10.3434 15 9.00026 13.6569 9.00026 12C9.00026 10.3431 10.3434 9 12.0003 9C13.6571 9 15.0003 10.3431 15.0003 12C15.0003 13.6569 13.6571 15 12.0003 15Z"
                          />
                        </svg>
                        View
                      </button>
                      <button
                        class="chakra-menu__menuitem css-z08cet"
                        data-index="1"
                        id="menu-list-:rg:-menuitem-:ri:"
                        role="menuitem"
                        tabindex="-1"
                        type="button"
                      >
                        <svg
                          class="chakra-icon css-zvw1k8"
                          fill="currentColor"
                          focusable="false"
                          height="1em"
                          stroke="currentColor"
                          stroke-width="0"
                          viewBox="0 0 24 24"
                          width="1em"
                          xmlns="http://www.w3.org/2000/svg"
                        >
                          <path
                            d="M2 5L9 2L15 5L21.303 2.2987C21.5569 2.18992 21.8508 2.30749 21.9596 2.56131C21.9862 2.62355 22 2.69056 22 2.75827V19L15 22L9 19L2.69696 21.7013C2.44314 21.8101 2.14921 21.6925 2.04043 21.4387C2.01375 21.3765 2 21.3094 2 21.2417V5Z"
                          />
                        </svg>
                        Workflow
                      </button>
                    </div>
                  </div>
                </div>
              </td>
            </tr>
          </tbody>
        </table>
      </div>
    </div>
    <div
      class="chakra-stack css-m4cjlb"
    >
      <div
        class="chakra-stack css-130amzp"
      >
        <div
          class="chakra-stack css-1hohgv6"
        >
          <p
            class="chakra-text css-1ok354g"
          >
            Rows per page
          </p>
          <div
            class="chakra-form-control css-0"
            role="group"
          >
            <div
              class="chakra-select__wrapper css-bo0or5"
            >
              <select
                class="chakra-select css-1y1ernp"
                id="field-:r9:"
              >
                <option
                  value="10"
                >
                  10
                </option>
                <option
                  value="25"
                >
                  25
                </option>
                <option
                  value="50"
                >
                  50
                </option>
                <option
                  value="100"
                >
                  100
                </option>
              </select>
              <div
                class="chakra-select__icon-wrapper css-10n8c1x"
              >
                <svg
                  aria-hidden="true"
                  class="chakra-icon chakra-select__icon css-13otjrl"
                  fill="currentColor"
                  focusable="false"
                  height="1em"
                  role="presentation"
                  stroke="currentColor"
                  stroke-width="0"
                  style="color: currentColor; width: 1em; height: 1em;"
                  viewBox="0 0 24 24"
                  width="1em"
                  xmlns="http://www.w3.org/2000/svg"
                >
                  <path
                    d="M12 14L8 10H16L12 14Z"
                  />
                </svg>
              </div>
            </div>
          </div>
        </div>
        <div
          class="css-iz7l97"
        />
        <p
          class="chakra-text css-3z0v2v"
        >
          showing 1 to 1 of 1 entries
        </p>
      </div>
    </div>
  </div>
</div>
`;
